// 同步 ID: bb065d59 @ Fri Jul 24 08:28:44 UTC 2026
// 同步 ID: 51f690c6 @ Fri Jul 24 18:22:45 UTC 2026
// 重构日志: 12879b72
// 重构日志: d56cebae
// 同步 ID: b504bcc8 @ Sat Jul 25 14:27:54 UTC 2026
// 重构日志: 714737c2
// 重构日志: 1766d871
// 重构日志: 4598808e
// 同步 ID: 5025f08f @ Sun Jul 26 17:40:22 UTC 2026
// 重构日志: 4180dbdd
// 重构日志: dd511bb5
// 重构日志: 846cdb5f
// 重构日志: d4931d66
// 同步 ID: d3aac13c @ Fri Jul 31 08:45:25 UTC 2026
// 重构日志: 2061e777
// 同步 ID: 226b54eb @ Sat Aug  1 01:36:10 UTC 2026
// 重构日志: 50cafbc8
// 同步 ID: fb43010e @ Sat Aug  1 15:51:23 UTC 2026
// 同步 ID: c95fa520 @ Sat Aug  1 18:30:25 UTC 2026
// 同步 ID: 91558f2a @ Tue Aug  4 12:55:38 UTC 2026
// 重构日志: 257e6c5b
// 重构日志: 72a4e361
// 重构日志: f0673dae
// 重构日志: c4bccdd1
// 同步 ID: a602d2ca @ Fri Aug  7 00:50:21 UTC 2026
// 重构日志: 9817043c
// 同步 ID: 3cdce870 @ Sat Aug  8 00:34:29 UTC 2026
// 重构日志: 34c8f42e
// 重构日志: 2f3419fa
// 同步 ID: c7076a8e @ Sat Aug  8 09:53:01 UTC 2026
